// Jest Snapshot v1, https://goo.gl/fbAQLP

exports[`IndexPage renders correctly 1`] = `
<div>
  <h1>
    Hi people
  </h1>
  <p>
    Welcome to your new
     
    <strong>
      Gatsby Typescript Starter
    </strong>
     site.
  </p>
  <p>
    Now go build something great.
  </p>
  <a
    href="/about/"
    onClick={[Function]}
    onMouseEnter={[Function]}
  >
    Go to about page
  </a>
</div>
`
